=== xllama bench-xbox-ort ===
  Model:   lfm25-350m
  Threads: 6
  n_ctx:   2048
  n_predict: 128
  max_length: derived
  Runs:    4 (run 1 warmup, dropped from median)
  Xbox:    <XBOX_IP>
  PFN: GianlucaMazza.xllama_1.6.0.1102_x64__pj67f1fcj4n14

--- Skipping genai_config (GGUF model; threads via bench_threads.txt) ---

--- Run 1 / 4 ---
  Uploading bench artifacts...
  Uploading bench.flag → LocalState\ ...
  Uploading prompt.txt → LocalState\ ...
  Uploading model.txt → LocalState\ ...
  Uploading bench_threads.txt → LocalState\ ...
  Uploading bench_ctx.txt → LocalState\ ...
  Uploading bench_npredict.txt → LocalState\ ...
  Uploading bench_maxlen.txt → LocalState\ ...
  Uploading bench_ubatch.txt → LocalState\ ...
  Uploading bench_kvq8.txt → LocalState\ ...
  Uploading bench_run_index.txt → LocalState\ ...
  Starting app...
  Waiting for bench-result.csv.done (timeout 300s)...
  Done after 10s.
  Row: lfm25-350m,Q4_0,cpu,2048,6,373.70,117.83,311,1032,0,0,298,6,0,xbox-series-s-t6,2026-09-30T09:06:44Z,1,797.4,797.9

--- Run 2 / 4 ---
  Uploading bench artifacts...
  Uploading bench.flag → LocalState\ ...
  Uploading prompt.txt → LocalState\ ...
  Uploading model.txt → LocalState\ ...
  Uploading bench_threads.txt → LocalState\ ...
  Uploading bench_ctx.txt → LocalState\ ...
  Uploading bench_npredict.txt → LocalState\ ...
  Uploading bench_maxlen.txt → LocalState\ ...
  Uploading bench_ubatch.txt → LocalState\ ...
  Uploading bench_kvq8.txt → LocalState\ ...
  Uploading bench_run_index.txt → LocalState\ ...
  Starting app...
  Waiting for bench-result.csv.done (timeout 300s)...
  Done after 10s.
  Row: lfm25-350m,Q4_0,cpu,2048,6,373.65,100.25,311,1034,0,0,298,128,0,xbox-series-s-t6,2026-09-30T09:07:01Z,2,797.5,798.0

--- Run 3 / 4 ---
  Uploading bench artifacts...
  Uploading bench.flag → LocalState\ ...
  Uploading prompt.txt → LocalState\ ...
  Uploading model.txt → LocalState\ ...
  Uploading bench_threads.txt → LocalState\ ...
  Uploading bench_ctx.txt → LocalState\ ...
  Uploading bench_npredict.txt → LocalState\ ...
  Uploading bench_maxlen.txt → LocalState\ ...
  Uploading bench_ubatch.txt → LocalState\ ...
  Uploading bench_kvq8.txt → LocalState\ ...
  Uploading bench_run_index.txt → LocalState\ ...
  Starting app...
  Waiting for bench-result.csv.done (timeout 300s)...
  Done after 10s.
  Row: lfm25-350m,Q4_0,cpu,2048,6,373.17,118.77,311,1052,0,0,298,6,0,xbox-series-s-t6,2026-09-30T09:07:15Z,3,798.6,799.1

--- Run 4 / 4 ---
  Uploading bench artifacts...
  Uploading bench.flag → LocalState\ ...
  Uploading prompt.txt → LocalState\ ...
  Uploading model.txt → LocalState\ ...
  Uploading bench_threads.txt → LocalState\ ...
  Uploading bench_ctx.txt → LocalState\ ...
  Uploading bench_npredict.txt → LocalState\ ...
  Uploading bench_maxlen.txt → LocalState\ ...
  Uploading bench_ubatch.txt → LocalState\ ...
  Uploading bench_kvq8.txt → LocalState\ ...
  Uploading bench_run_index.txt → LocalState\ ...
  Starting app...
  Waiting for bench-result.csv.done (timeout 300s)...
  Done after 10s.
  Row: lfm25-350m,Q4_0,cpu,2048,6,372.03,100.54,311,1040,0,0,298,128,0,xbox-series-s-t6,2026-09-30T09:07:33Z,4,801.0,801.5

--- Appending recorded runs ---
  appended: lfm25-350m,Q4_0,cpu,2048,6,373.65,100.25,311,1034,0,0,298,128,0,xbox-series-s-t6,2026-09-30T09:07:01Z,2,797.5,798.0
  appended: lfm25-350m,Q4_0,cpu,2048,6,373.17,118.77,311,1052,0,0,298,6,0,xbox-series-s-t6,2026-09-30T09:07:15Z,3,798.6,799.1
  appended: lfm25-350m,Q4_0,cpu,2048,6,372.03,100.54,311,1040,0,0,298,128,0,xbox-series-s-t6,2026-09-30T09:07:33Z,4,801.0,801.5
Appended 3 run(s) to bench/results/2026-09-30-excellence-default.csv

Done. bench/results/2026-09-30-excellence-default.csv updated.
  Restoring original model.txt on the device...
