PASS d=16 ff=32 gelu row16 ternary qknorm=False max_update_delta=2.98023224e-08 legacy_exceeded=0
PASS d=16 ff=32 gelu row16 ternary qknorm=True max_update_delta=5.96046448e-08 legacy_exceeded=0
PASS d=16 ff=32 gelu row16 2bit qknorm=False max_update_delta=4.65475023e-06 legacy_exceeded=0
PASS d=16 ff=32 gelu row16 2bit qknorm=True max_update_delta=1.34110451e-07 legacy_exceeded=0
PASS d=16 ff=32 gelu row8log ternary qknorm=False max_update_delta=1.04308128e-07 legacy_exceeded=0
PASS d=16 ff=32 gelu row8log ternary qknorm=True max_update_delta=2.90572643e-07 legacy_exceeded=0
PASS d=16 ff=32 gelu row8log 2bit qknorm=False max_update_delta=1.04308128e-07 legacy_exceeded=0
PASS d=16 ff=32 gelu row8log 2bit qknorm=True max_update_delta=4.1872263e-06 legacy_exceeded=0
PASS d=16 ff=32 gelu tensor16 ternary qknorm=False max_update_delta=1.14366412e-06 legacy_exceeded=0
PASS d=16 ff=32 gelu tensor16 ternary qknorm=True max_update_delta=1.93715096e-07 legacy_exceeded=0
PASS d=16 ff=32 gelu tensor16 2bit qknorm=False max_update_delta=1.04308128e-06 legacy_exceeded=0
PASS d=16 ff=32 gelu tensor16 2bit qknorm=True max_update_delta=5.96046448e-08 legacy_exceeded=0
PASS d=16 ff=32 relu2 row16 ternary qknorm=False max_update_delta=1.25169754e-06 legacy_exceeded=0
PASS d=16 ff=32 relu2 row16 ternary qknorm=True max_update_delta=1.1920929e-07 legacy_exceeded=0
PASS d=16 ff=32 relu2 row16 2bit qknorm=False max_update_delta=2.38418579e-07 legacy_exceeded=0
PASS d=16 ff=32 relu2 row16 2bit qknorm=True max_update_delta=3.02493572e-06 legacy_exceeded=0
PASS d=16 ff=32 relu2 row8log ternary qknorm=False max_update_delta=7.4505806e-07 legacy_exceeded=0
PASS d=16 ff=32 relu2 row8log ternary qknorm=True max_update_delta=5.96046448e-08 legacy_exceeded=0
PASS d=16 ff=32 relu2 row8log 2bit qknorm=False max_update_delta=5.96046448e-08 legacy_exceeded=0
PASS d=16 ff=32 relu2 row8log 2bit qknorm=True max_update_delta=1.41561031e-07 legacy_exceeded=0
PASS d=16 ff=32 relu2 tensor16 ternary qknorm=False max_update_delta=5.96046448e-08 legacy_exceeded=0
PASS d=16 ff=32 relu2 tensor16 ternary qknorm=True max_update_delta=1.29640102e-06 legacy_exceeded=0
PASS d=16 ff=32 relu2 tensor16 2bit qknorm=False max_update_delta=5.96046448e-08 legacy_exceeded=0
PASS d=16 ff=32 relu2 tensor16 2bit qknorm=True max_update_delta=9.92417336e-06 legacy_exceeded=0
PASS d=16 ff=32 swiglu row16 ternary qknorm=False max_update_delta=1.02072954e-06 legacy_exceeded=0
PASS d=16 ff=32 swiglu row16 ternary qknorm=True max_update_delta=8.04662704e-07 legacy_exceeded=0
PASS d=16 ff=32 swiglu row16 2bit qknorm=False max_update_delta=5.96046448e-08 legacy_exceeded=0
PASS d=16 ff=32 swiglu row16 2bit qknorm=True max_update_delta=1.1920929e-07 legacy_exceeded=0
PASS d=16 ff=32 swiglu row8log ternary qknorm=False max_update_delta=7.15255737e-07 legacy_exceeded=0
PASS d=16 ff=32 swiglu row8log ternary qknorm=True max_update_delta=1.75833702e-06 legacy_exceeded=0
PASS d=16 ff=32 swiglu row8log 2bit qknorm=False max_update_delta=1.1920929e-07 legacy_exceeded=0
PASS d=16 ff=32 swiglu row8log 2bit qknorm=True max_update_delta=5.96046448e-08 legacy_exceeded=0
PASS d=16 ff=32 swiglu tensor16 ternary qknorm=False max_update_delta=1.1920929e-07 legacy_exceeded=0
PASS d=16 ff=32 swiglu tensor16 ternary qknorm=True max_update_delta=3.35872173e-05 legacy_exceeded=0
PASS d=16 ff=32 swiglu tensor16 2bit qknorm=False max_update_delta=1.9595027e-06 legacy_exceeded=0
PASS d=16 ff=32 swiglu tensor16 2bit qknorm=True max_update_delta=1.92970037e-06 legacy_exceeded=0
PASS d=80 ff=372 gelu row16 ternary qknorm=False max_update_delta=7.03111291e-05 legacy_exceeded=0
PASS d=80 ff=267 swiglu row16 2bit qknorm=True max_update_delta=0.00030852668 legacy_exceeded=1
PASS d=80 ff=372 gelu row8log ternary qknorm=False max_update_delta=6.92214817e-05 legacy_exceeded=1
PASS d=80 ff=267 swiglu row8log 2bit qknorm=True max_update_delta=2.3573637e-05 legacy_exceeded=1
PASS d=80 ff=372 gelu tensor16 ternary qknorm=False max_update_delta=2.14129686e-05 legacy_exceeded=0
PASS d=80 ff=267 swiglu tensor16 2bit qknorm=True max_update_delta=0.000146701932 legacy_exceeded=1
